[2021-01-25T17:39:15.988-0600][0.017s] Heap region size: 1M
[2021-01-25T17:39:16.136-0600][0.165s] Using G1
[2021-01-25T17:39:16.136-0600][0.165s] Heap address: 0x00000000e0000000, size: 512 MB, Compressed Oops mode: 32-bit
[2021-01-25T17:39:17.726-0600][1.754s] GC(0) Pause Young (Normal) (G1 Evacuation Pause)
[2021-01-25T17:39:17.727-0600][1.755s] GC(0) Using 12 workers of 13 for evacuation
[2021-01-25T17:39:17.730-0600][1.757s] GC(0)   Pre Evacuate Collection Set: 0.0ms
[2021-01-25T17:39:17.730-0600][1.758s] GC(0)   Evacuate Collection Set: 2.2ms
[2021-01-25T17:39:17.730-0600][1.758s] GC(0)   Post Evacuate Collection Set: 0.3ms
[2021-01-25T17:39:17.730-0600][1.758s] GC(0)   Other: 0.8ms
[2021-01-25T17:39:17.730-0600][1.758s] GC(0) Eden regions: 30->0(303)
[2021-01-25T17:39:17.730-0600][1.758s] GC(0) Survivor regions: 0->4(4)
[2021-01-25T17:39:17.730-0600][1.758s] GC(0) Old regions: 0->0
[2021-01-25T17:39:17.730-0600][1.758s] GC(0) Humongous regions: 0->0
[2021-01-25T17:39:17.730-0600][1.758s] GC(0) Metaspace: 13060K->13060K(1060864K)
[2021-01-25T17:39:17.730-0600][1.758s] GC(0) Pause Young (Normal) (G1 Evacuation Pause) 30M->3M(512M) 3.986ms
[2021-01-25T17:39:17.730-0600][1.758s] GC(0) User=0.03s Sys=0.00s Real=0.00s
[2021-01-25T17:39:18.155-0600][2.183s] GC(1) Pause Young (Concurrent Start) (Metadata GC Threshold)
[2021-01-25T17:39:18.155-0600][2.183s] GC(1) Using 12 workers of 13 for evacuation
[2021-01-25T17:39:18.161-0600][2.189s] GC(1)   Pre Evacuate Collection Set: 0.0ms
[2021-01-25T17:39:18.161-0600][2.189s] GC(1)   Evacuate Collection Set: 4.9ms
[2021-01-25T17:39:18.161-0600][2.189s] GC(1)   Post Evacuate Collection Set: 0.5ms
[2021-01-25T17:39:18.161-0600][2.189s] GC(1)   Other: 0.2ms
[2021-01-25T17:39:18.161-0600][2.189s] GC(1) Eden regions: 40->0(295)
[2021-01-25T17:39:18.161-0600][2.189s] GC(1) Survivor regions: 4->12(39)
[2021-01-25T17:39:18.161-0600][2.189s] GC(1) Old regions: 0->0
[2021-01-25T17:39:18.161-0600][2.189s] GC(1) Humongous regions: 4->4
[2021-01-25T17:39:18.161-0600][2.189s] GC(1) Metaspace: 20734K->20734K(1069056K)
[2021-01-25T17:39:18.161-0600][2.189s] GC(1) Pause Young (Concurrent Start) (Metadata GC Threshold) 47M->15M(512M) 5.771ms
[2021-01-25T17:39:18.161-0600][2.189s] GC(1) User=0.00s Sys=0.00s Real=0.01s
[2021-01-25T17:39:18.161-0600][2.189s] GC(2) Concurrent Cycle
[2021-01-25T17:39:18.161-0600][2.189s] GC(2) Concurrent Clear Claimed Marks
[2021-01-25T17:39:18.161-0600][2.189s] GC(2) Concurrent Clear Claimed Marks 0.045ms
[2021-01-25T17:39:18.161-0600][2.189s] GC(2) Concurrent Scan Root Regions
[2021-01-25T17:39:18.164-0600][2.192s] GC(2) Concurrent Scan Root Regions 2.644ms
[2021-01-25T17:39:18.164-0600][2.192s] GC(2) Concurrent Mark (2.192s)
[2021-01-25T17:39:18.164-0600][2.192s] GC(2) Concurrent Mark From Roots
[2021-01-25T17:39:18.164-0600][2.192s] GC(2) Using 3 workers of 3 for marking
[2021-01-25T17:39:18.164-0600][2.192s] GC(2) Concurrent Mark From Roots 0.553ms
[2021-01-25T17:39:18.164-0600][2.192s] GC(2) Concurrent Preclean
[2021-01-25T17:39:18.164-0600][2.193s] GC(2) Concurrent Preclean 0.079ms
[2021-01-25T17:39:18.164-0600][2.193s] GC(2) Concurrent Mark (2.192s, 2.193s) 0.674ms
[2021-01-25T17:39:18.165-0600][2.193s] GC(2) Pause Remark
[2021-01-25T17:39:18.166-0600][2.194s] GC(2) Cleaned string and symbol table, strings: 10169 processed, 0 removed, symbols: 67886 processed, 18 removed
[2021-01-25T17:39:18.166-0600][2.194s] GC(2) Pause Remark 16M->16M(512M) 1.113ms
[2021-01-25T17:39:18.166-0600][2.194s] GC(2) User=0.00s Sys=0.00s Real=0.00s
[2021-01-25T17:39:18.166-0600][2.194s] GC(2) Concurrent Rebuild Remembered Sets
[2021-01-25T17:39:18.167-0600][2.195s] GC(2) Concurrent Rebuild Remembered Sets 1.222ms
[2021-01-25T17:39:18.167-0600][2.195s] GC(2) Pause Cleanup
[2021-01-25T17:39:18.167-0600][2.195s] GC(2) Pause Cleanup 16M->16M(512M) 0.068ms
[2021-01-25T17:39:18.167-0600][2.195s] GC(2) User=0.00s Sys=0.00s Real=0.00s
[2021-01-25T17:39:18.167-0600][2.195s] GC(2) Concurrent Cleanup for Next Mark
[2021-01-25T17:39:18.168-0600][2.196s] GC(2) Concurrent Cleanup for Next Mark 0.436ms
[2021-01-25T17:39:18.168-0600][2.196s] GC(2) Concurrent Cycle 6.643ms
[2021-01-25T17:39:19.701-0600][3.729s] GC(3) Pause Young (Concurrent Start) (Metadata GC Threshold)
[2021-01-25T17:39:19.701-0600][3.729s] GC(3) Using 13 workers of 13 for evacuation
[2021-01-25T17:39:19.718-0600][3.747s] GC(3)   Pre Evacuate Collection Set: 0.1ms
[2021-01-25T17:39:19.718-0600][3.747s] GC(3)   Evacuate Collection Set: 16.2ms
[2021-01-25T17:39:19.718-0600][3.747s] GC(3)   Post Evacuate Collection Set: 1.0ms
[2021-01-25T17:39:19.718-0600][3.747s] GC(3)   Other: 0.4ms
[2021-01-25T17:39:19.718-0600][3.747s] GC(3) Eden regions: 109->0(116)
[2021-01-25T17:39:19.719-0600][3.747s] GC(3) Survivor regions: 12->21(32)
[2021-01-25T17:39:19.719-0600][3.747s] GC(3) Old regions: 0->0
[2021-01-25T17:39:19.719-0600][3.747s] GC(3) Humongous regions: 4->4
[2021-01-25T17:39:19.719-0600][3.747s] GC(3) Metaspace: 35369K->35369K(1081344K)
[2021-01-25T17:39:19.719-0600][3.747s] GC(3) Pause Young (Concurrent Start) (Metadata GC Threshold) 124M->25M(512M) 17.837ms
[2021-01-25T17:39:19.719-0600][3.747s] GC(3) User=0.22s Sys=0.00s Real=0.02s
[2021-01-25T17:39:19.719-0600][3.747s] GC(4) Concurrent Cycle
[2021-01-25T17:39:19.719-0600][3.747s] GC(4) Concurrent Clear Claimed Marks
[2021-01-25T17:39:19.719-0600][3.747s] GC(4) Concurrent Clear Claimed Marks 0.043ms
[2021-01-25T17:39:19.719-0600][3.747s] GC(4) Concurrent Scan Root Regions
[2021-01-25T17:39:19.722-0600][3.751s] GC(4) Concurrent Scan Root Regions 3.768ms
[2021-01-25T17:39:19.723-0600][3.751s] GC(4) Concurrent Mark (3.751s)
[2021-01-25T17:39:19.723-0600][3.751s] GC(4) Concurrent Mark From Roots
[2021-01-25T17:39:19.723-0600][3.751s] GC(4) Using 3 workers of 3 for marking
[2021-01-25T17:39:19.725-0600][3.753s] GC(4) Concurrent Mark From Roots 2.028ms
[2021-01-25T17:39:19.725-0600][3.753s] GC(4) Concurrent Preclean
[2021-01-25T17:39:19.725-0600][3.753s] GC(4) Concurrent Preclean 0.076ms
[2021-01-25T17:39:19.725-0600][3.753s] GC(4) Concurrent Mark (3.751s, 3.753s) 2.175ms
[2021-01-25T17:39:19.725-0600][3.753s] GC(4) Pause Remark
[2021-01-25T17:39:19.726-0600][3.755s] GC(4) Cleaned string and symbol table, strings: 16271 processed, 0 removed, symbols: 114684 processed, 43 removed
[2021-01-25T17:39:19.727-0600][3.755s] GC(4) Pause Remark 26M->26M(512M) 1.854ms
[2021-01-25T17:39:19.727-0600][3.755s] GC(4) User=0.00s Sys=0.00s Real=0.00s
[2021-01-25T17:39:19.727-0600][3.755s] GC(4) Concurrent Rebuild Remembered Sets
[2021-01-25T17:39:19.729-0600][3.757s] GC(4) Concurrent Rebuild Remembered Sets 2.005ms
[2021-01-25T17:39:19.729-0600][3.757s] GC(4) Pause Cleanup
[2021-01-25T17:39:19.729-0600][3.757s] GC(4) Pause Cleanup 26M->26M(512M) 0.094ms
[2021-01-25T17:39:19.729-0600][3.757s] GC(4) User=0.00s Sys=0.00s Real=0.00s
[2021-01-25T17:39:19.729-0600][3.757s] GC(4) Concurrent Cleanup for Next Mark
[2021-01-25T17:39:19.729-0600][3.758s] GC(4) Concurrent Cleanup for Next Mark 0.453ms
[2021-01-25T17:39:19.730-0600][3.758s] GC(4) Concurrent Cycle 10.920ms
[2021-01-25T17:39:24.798-0600][8.826s] GC(5) Pause Young (Normal) (G1 Evacuation Pause)
[2021-01-25T17:39:24.798-0600][8.826s] GC(5) Using 13 workers of 13 for evacuation
[2021-01-25T17:39:24.811-0600][8.839s] GC(5)   Pre Evacuate Collection Set: 0.0ms
[2021-01-25T17:39:24.811-0600][8.839s] GC(5)   Evacuate Collection Set: 12.1ms
[2021-01-25T17:39:24.811-0600][8.839s] GC(5)   Post Evacuate Collection Set: 0.9ms
[2021-01-25T17:39:24.811-0600][8.839s] GC(5)   Other: 0.2ms
[2021-01-25T17:39:24.811-0600][8.839s] GC(5) Eden regions: 90->0(157)
[2021-01-25T17:39:24.811-0600][8.839s] GC(5) Survivor regions: 21->6(14)
[2021-01-25T17:39:24.811-0600][8.839s] GC(5) Old regions: 0->20
[2021-01-25T17:39:24.811-0600][8.839s] GC(5) Humongous regions: 4->4
[2021-01-25T17:39:24.811-0600][8.839s] GC(5) Metaspace: 42563K->42563K(1087488K)
[2021-01-25T17:39:24.811-0600][8.839s] GC(5) Pause Young (Normal) (G1 Evacuation Pause) 115M->29M(512M) 13.284ms
[2021-01-25T17:39:24.811-0600][8.839s] GC(5) User=0.19s Sys=0.03s Real=0.01s
[2021-01-25T17:39:25.124-0600][9.152s] GC(6) Pause Young (Normal) (G1 Evacuation Pause)
[2021-01-25T17:39:25.124-0600][9.152s] GC(6) Using 13 workers of 13 for evacuation
[2021-01-25T17:39:25.127-0600][9.155s] GC(6)   Pre Evacuate Collection Set: 0.0ms
[2021-01-25T17:39:25.127-0600][9.155s] GC(6)   Evacuate Collection Set: 2.3ms
[2021-01-25T17:39:25.127-0600][9.155s] GC(6)   Post Evacuate Collection Set: 0.3ms
[2021-01-25T17:39:25.127-0600][9.155s] GC(6)   Other: 0.2ms
[2021-01-25T17:39:25.127-0600][9.155s] GC(6) Eden regions: 157->0(216)
[2021-01-25T17:39:25.127-0600][9.155s] GC(6) Survivor regions: 6->9(21)
[2021-01-25T17:39:25.127-0600][9.155s] GC(6) Old regions: 20->20
[2021-01-25T17:39:25.127-0600][9.155s] GC(6) Humongous regions: 5->4
[2021-01-25T17:39:25.127-0600][9.155s] GC(6) Metaspace: 45102K->45102K(1089536K)
[2021-01-25T17:39:25.127-0600][9.155s] GC(6) Pause Young (Normal) (G1 Evacuation Pause) 187M->31M(512M) 2.995ms
[2021-01-25T17:39:25.127-0600][9.155s] GC(6) User=0.00s Sys=0.00s Real=0.00s
[2021-01-25T17:39:25.845-0600][9.874s] GC(7) Pause Young (Normal) (G1 Evacuation Pause)
[2021-01-25T17:39:25.845-0600][9.874s] GC(7) Using 13 workers of 13 for evacuation
[2021-01-25T17:39:25.850-0600][9.879s] GC(7)   Pre Evacuate Collection Set: 0.0ms
[2021-01-25T17:39:25.850-0600][9.879s] GC(7)   Evacuate Collection Set: 4.2ms
[2021-01-25T17:39:25.850-0600][9.879s] GC(7)   Post Evacuate Collection Set: 0.5ms
[2021-01-25T17:39:25.850-0600][9.879s] GC(7)   Other: 0.2ms
[2021-01-25T17:39:25.850-0600][9.879s] GC(7) Eden regions: 216->0(293)
[2021-01-25T17:39:25.850-0600][9.879s] GC(7) Survivor regions: 9->14(29)
[2021-01-25T17:39:25.850-0600][9.879s] GC(7) Old regions: 20->20
[2021-01-25T17:39:25.850-0600][9.879s] GC(7) Humongous regions: 5->5
[2021-01-25T17:39:25.850-0600][9.879s] GC(7) Metaspace: 51160K->51160K(1095680K)
[2021-01-25T17:39:25.850-0600][9.879s] GC(7) Pause Young (Normal) (G1 Evacuation Pause) 248M->37M(512M) 5.053ms
[2021-01-25T17:39:25.850-0600][9.879s] GC(7) User=0.00s Sys=0.00s Real=0.00s
[2021-01-25T17:39:31.340-0600][15.369s] GC(8) Pause Young (Normal) (G1 Evacuation Pause)
[2021-01-25T17:39:31.340-0600][15.369s] GC(8) Using 13 workers of 13 for evacuation
[2021-01-25T17:39:31.348-0600][15.377s] GC(8)   Pre Evacuate Collection Set: 0.0ms
[2021-01-25T17:39:31.348-0600][15.377s] GC(8)   Evacuate Collection Set: 7.0ms
[2021-01-25T17:39:31.348-0600][15.377s] GC(8)   Post Evacuate Collection Set: 0.8ms
[2021-01-25T17:39:31.348-0600][15.377s] GC(8)   Other: 0.3ms
[2021-01-25T17:39:31.348-0600][15.377s] GC(8) Eden regions: 293->0(282)
[2021-01-25T17:39:31.348-0600][15.377s] GC(8) Survivor regions: 14->25(39)
[2021-01-25T17:39:31.348-0600][15.377s] GC(8) Old regions: 20->20
[2021-01-25T17:39:31.348-0600][15.377s] GC(8) Humongous regions: 5->5
[2021-01-25T17:39:31.348-0600][15.377s] GC(8) Metaspace: 57298K->57298K(1101824K)
[2021-01-25T17:39:31.348-0600][15.377s] GC(8) Pause Young (Normal) (G1 Evacuation Pause) 330M->49M(512M) 8.195ms
[2021-01-25T17:39:31.348-0600][15.377s] GC(8) User=0.00s Sys=0.00s Real=0.01s
[2021-01-25T17:39:31.488-0600][15.517s] GC(9) Pause Young (Concurrent Start) (Metadata GC Threshold)
[2021-01-25T17:39:31.488-0600][15.517s] GC(9) Using 13 workers of 13 for evacuation
[2021-01-25T17:39:31.495-0600][15.524s] GC(9)   Pre Evacuate Collection Set: 0.1ms
[2021-01-25T17:39:31.495-0600][15.524s] GC(9)   Evacuate Collection Set: 6.3ms
[2021-01-25T17:39:31.495-0600][15.524s] GC(9)   Post Evacuate Collection Set: 0.8ms
[2021-01-25T17:39:31.495-0600][15.524s] GC(9)   Other: 0.2ms
[2021-01-25T17:39:31.495-0600][15.524s] GC(9) Eden regions: 22->0(288)
[2021-01-25T17:39:31.495-0600][15.524s] GC(9) Survivor regions: 25->19(39)
[2021-01-25T17:39:31.495-0600][15.524s] GC(9) Old regions: 20->27
[2021-01-25T17:39:31.495-0600][15.524s] GC(9) Humongous regions: 5->5
[2021-01-25T17:39:31.496-0600][15.524s] GC(9) Metaspace: 59332K->59332K(1103872K)
[2021-01-25T17:39:31.496-0600][15.524s] GC(9) Pause Young (Concurrent Start) (Metadata GC Threshold) 70M->49M(512M) 7.528ms
[2021-01-25T17:39:31.496-0600][15.524s] GC(9) User=0.02s Sys=0.03s Real=0.01s
[2021-01-25T17:39:31.496-0600][15.524s] GC(10) Concurrent Cycle
[2021-01-25T17:39:31.496-0600][15.524s] GC(10) Concurrent Clear Claimed Marks
[2021-01-25T17:39:31.496-0600][15.524s] GC(10) Concurrent Clear Claimed Marks 0.092ms
[2021-01-25T17:39:31.496-0600][15.524s] GC(10) Concurrent Scan Root Regions
[2021-01-25T17:39:31.499-0600][15.528s] GC(10) Concurrent Scan Root Regions 3.284ms
[2021-01-25T17:39:31.499-0600][15.528s] GC(10) Concurrent Mark (15.528s)
[2021-01-25T17:39:31.499-0600][15.528s] GC(10) Concurrent Mark From Roots
[2021-01-25T17:39:31.499-0600][15.528s] GC(10) Using 3 workers of 3 for marking
[2021-01-25T17:39:31.512-0600][15.540s] GC(10) Concurrent Mark From Roots 12.632ms
[2021-01-25T17:39:31.512-0600][15.540s] GC(10) Concurrent Preclean
[2021-01-25T17:39:31.512-0600][15.541s] GC(10) Concurrent Preclean 0.204ms
[2021-01-25T17:39:31.512-0600][15.541s] GC(10) Concurrent Mark (15.528s, 15.541s) 12.919ms
[2021-01-25T17:39:31.512-0600][15.541s] GC(10) Pause Remark
[2021-01-25T17:39:31.515-0600][15.544s] GC(10) Cleaned string and symbol table, strings: 29082 processed, 33 removed, symbols: 182673 processed, 654 removed
[2021-01-25T17:39:31.515-0600][15.544s] GC(10) Pause Remark 53M->53M(512M) 3.332ms
[2021-01-25T17:39:31.515-0600][15.544s] GC(10) User=0.00s Sys=0.00s Real=0.00s
[2021-01-25T17:39:31.515-0600][15.544s] GC(10) Concurrent Rebuild Remembered Sets
[2021-01-25T17:39:31.523-0600][15.552s] GC(10) Concurrent Rebuild Remembered Sets 7.771ms
[2021-01-25T17:39:31.523-0600][15.552s] GC(10) Pause Cleanup
[2021-01-25T17:39:31.523-0600][15.552s] GC(10) Pause Cleanup 54M->54M(512M) 0.083ms
[2021-01-25T17:39:31.523-0600][15.552s] GC(10) User=0.00s Sys=0.00s Real=0.00s
[2021-01-25T17:39:31.523-0600][15.552s] GC(10) Concurrent Cleanup for Next Mark
[2021-01-25T17:39:31.524-0600][15.553s] GC(10) Concurrent Cleanup for Next Mark 0.448ms
[2021-01-25T17:39:31.524-0600][15.553s] GC(10) Concurrent Cycle 28.401ms
[2021-01-25T17:42:38.922-0600][202.951s] GC(11) Pause Young (Normal) (G1 Evacuation Pause)
[2021-01-25T17:42:38.922-0600][202.951s] GC(11) Using 13 workers of 13 for evacuation
[2021-01-25T17:42:38.931-0600][202.960s] GC(11)   Pre Evacuate Collection Set: 0.0ms
[2021-01-25T17:42:38.931-0600][202.960s] GC(11)   Evacuate Collection Set: 7.4ms
[2021-01-25T17:42:38.931-0600][202.960s] GC(11)   Post Evacuate Collection Set: 1.4ms
[2021-01-25T17:42:38.931-0600][202.960s] GC(11)   Other: 0.2ms
[2021-01-25T17:42:38.931-0600][202.960s] GC(11) Eden regions: 288->0(277)
[2021-01-25T17:42:38.931-0600][202.960s] GC(11) Survivor regions: 19->30(39)
[2021-01-25T17:42:38.931-0600][202.960s] GC(11) Old regions: 27->27
[2021-01-25T17:42:38.931-0600][202.960s] GC(11) Humongous regions: 16->16
[2021-01-25T17:42:38.931-0600][202.960s] GC(11) Metaspace: 69859K->69859K(1112064K)
[2021-01-25T17:42:38.931-0600][202.960s] GC(11) Pause Young (Normal) (G1 Evacuation Pause) 348M->71M(512M) 9.092ms
[2021-01-25T17:42:38.931-0600][202.960s] GC(11) User=0.00s Sys=0.00s Real=0.01s
[2021-01-25T17:43:19.209-0600][243.238s] GC(12) Pause Young (Normal) (G1 Evacuation Pause)
[2021-01-25T17:43:19.209-0600][243.238s] GC(12) Using 13 workers of 13 for evacuation
[2021-01-25T17:43:19.216-0600][243.244s] GC(12)   Pre Evacuate Collection Set: 0.0ms
[2021-01-25T17:43:19.216-0600][243.244s] GC(12)   Evacuate Collection Set: 5.6ms
[2021-01-25T17:43:19.216-0600][243.244s] GC(12)   Post Evacuate Collection Set: 0.5ms
[2021-01-25T17:43:19.216-0600][243.244s] GC(12)   Other: 0.1ms
[2021-01-25T17:43:19.216-0600][243.244s] GC(12) Eden regions: 277->0(296)
[2021-01-25T17:43:19.216-0600][243.244s] GC(12) Survivor regions: 30->11(39)
[2021-01-25T17:43:19.216-0600][243.244s] GC(12) Old regions: 27->43
[2021-01-25T17:43:19.216-0600][243.244s] GC(12) Humongous regions: 16->16
[2021-01-25T17:43:19.216-0600][243.244s] GC(12) Metaspace: 71300K->71300K(1114112K)
[2021-01-25T17:43:19.216-0600][243.244s] GC(12) Pause Young (Normal) (G1 Evacuation Pause) 348M->69M(512M) 6.468ms
[2021-01-25T17:43:19.216-0600][243.244s] GC(12) User=0.20s Sys=0.00s Real=0.01s
[2021-01-25T17:45:02.699-0600][346.728s] GC(13) Pause Young (Normal) (G1 Evacuation Pause)
[2021-01-25T17:45:02.699-0600][346.728s] GC(13) Using 13 workers of 13 for evacuation
[2021-01-25T17:45:02.703-0600][346.731s] GC(13)   Pre Evacuate Collection Set: 0.0ms
[2021-01-25T17:45:02.703-0600][346.732s] GC(13)   Evacuate Collection Set: 3.0ms
[2021-01-25T17:45:02.703-0600][346.732s] GC(13)   Post Evacuate Collection Set: 0.4ms
[2021-01-25T17:45:02.703-0600][346.732s] GC(13)   Other: 0.2ms
[2021-01-25T17:45:02.703-0600][346.732s] GC(13) Eden regions: 296->0(297)
[2021-01-25T17:45:02.703-0600][346.732s] GC(13) Survivor regions: 11->10(39)
[2021-01-25T17:45:02.703-0600][346.732s] GC(13) Old regions: 43->43
[2021-01-25T17:45:02.703-0600][346.732s] GC(13) Humongous regions: 16->16
[2021-01-25T17:45:02.703-0600][346.732s] GC(13) Metaspace: 71490K->71490K(1114112K)
[2021-01-25T17:45:02.703-0600][346.732s] GC(13) Pause Young (Normal) (G1 Evacuation Pause) 365M->68M(512M) 3.800ms
[2021-01-25T17:45:02.703-0600][346.732s] GC(13) User=0.00s Sys=0.00s Real=0.00s
