[2021-01-21T21:41:19.015-0600][0.087s] Heap region size: 1M
[2021-01-21T21:41:19.016-0600][0.088s] Heap address: 0x00000000e0000000, size: 512 MB, Compressed Oops mode: 32-bit
[2021-01-21T21:41:19.871-0600][0.943s] Using G1
[2021-01-21T21:41:19.947-0600][1.018s] Periodic GC disabled
[2021-01-21T21:41:28.888-0600][9.960s] GC(0) Pause Young (Normal) (G1 Evacuation Pause)
[2021-01-21T21:41:28.890-0600][9.962s] GC(0) Using 8 workers of 8 for evacuation
[2021-01-21T21:41:28.899-0600][9.971s] GC(0)   Pre Evacuate Collection Set: 0.1ms
[2021-01-21T21:41:28.899-0600][9.972s] GC(0)   Merge Heap Roots: 0.2ms
[2021-01-21T21:41:28.899-0600][9.972s] GC(0)   Evacuate Collection Set: 8.1ms
[2021-01-21T21:41:28.899-0600][9.972s] GC(0)   Post Evacuate Collection Set: 1.1ms
[2021-01-21T21:41:28.900-0600][9.972s] GC(0)   Other: 2.1ms
[2021-01-21T21:41:28.900-0600][9.972s] GC(0) Eden regions: 29->0(41)
[2021-01-21T21:41:28.900-0600][9.972s] GC(0) Survivor regions: 0->3(4)
[2021-01-21T21:41:28.900-0600][9.972s] GC(0) Old regions: 0->0
[2021-01-21T21:41:28.900-0600][9.972s] GC(0) Archive regions: 0->0
[2021-01-21T21:41:28.900-0600][9.972s] GC(0) Humongous regions: 0->0
[2021-01-21T21:41:28.900-0600][9.972s] GC(0) Metaspace: 5932K(7808K)->5932K(7808K) NonClass: 5225K(6912K)->5225K(6912K) Class: 707K(896K)->707K(896K)
[2021-01-21T21:41:28.900-0600][9.972s] GC(0) Pause Young (Normal) (G1 Evacuation Pause) 29M->2M(512M) 12.206ms
[2021-01-21T21:41:28.900-0600][9.973s] GC(0) User=0.09s Sys=0.00s Real=0.01s
[2021-01-21T21:41:33.604-0600][14.676s] GC(1) Pause Young (Normal) (G1 Evacuation Pause)
[2021-01-21T21:41:33.605-0600][14.676s] GC(1) Using 8 workers of 8 for evacuation
[2021-01-21T21:41:33.633-0600][14.705s] GC(1)   Pre Evacuate Collection Set: 0.2ms
[2021-01-21T21:41:33.633-0600][14.705s] GC(1)   Merge Heap Roots: 0.1ms
[2021-01-21T21:41:33.633-0600][14.705s] GC(1)   Evacuate Collection Set: 26.7ms
[2021-01-21T21:41:33.633-0600][14.705s] GC(1)   Post Evacuate Collection Set: 1.2ms
[2021-01-21T21:41:33.633-0600][14.705s] GC(1)   Other: 0.5ms
[2021-01-21T21:41:33.633-0600][14.705s] GC(1) Eden regions: 41->0(301)
[2021-01-21T21:41:33.633-0600][14.705s] GC(1) Survivor regions: 3->6(6)
[2021-01-21T21:41:33.633-0600][14.706s] GC(1) Old regions: 0->6
[2021-01-21T21:41:33.634-0600][14.706s] GC(1) Archive regions: 0->0
[2021-01-21T21:41:33.634-0600][14.706s] GC(1) Humongous regions: 4->4
[2021-01-21T21:41:33.634-0600][14.706s] GC(1) Metaspace: 13231K(13824K)->13231K(13824K) NonClass: 11644K(12032K)->11644K(12032K) Class: 1587K(1792K)->1587K(1792K)
[2021-01-21T21:41:33.634-0600][14.706s] GC(1) Pause Young (Normal) (G1 Evacuation Pause) 47M->15M(512M) 29.658ms
[2021-01-21T21:41:33.634-0600][14.706s] GC(1) User=0.17s Sys=0.00s Real=0.03s
[2021-01-21T21:41:38.447-0600][19.520s] GC(2) Pause Young (Concurrent Start) (Metadata GC Threshold)
[2021-01-21T21:41:38.448-0600][19.520s] GC(2) Using 8 workers of 8 for evacuation
[2021-01-21T21:41:38.478-0600][19.550s] GC(2)   Pre Evacuate Collection Set: 0.2ms
[2021-01-21T21:41:38.478-0600][19.550s] GC(2)   Merge Heap Roots: 0.2ms
[2021-01-21T21:41:38.478-0600][19.550s] GC(2)   Evacuate Collection Set: 26.6ms
[2021-01-21T21:41:38.479-0600][19.550s] GC(2)   Post Evacuate Collection Set: 2.9ms
[2021-01-21T21:41:38.479-0600][19.551s] GC(2)   Other: 0.7ms
[2021-01-21T21:41:38.479-0600][19.551s] GC(2) Eden regions: 68->0(259)
[2021-01-21T21:41:38.479-0600][19.551s] GC(2) Survivor regions: 6->14(39)
[2021-01-21T21:41:38.479-0600][19.551s] GC(2) Old regions: 6->6
[2021-01-21T21:41:38.479-0600][19.551s] GC(2) Archive regions: 0->0
[2021-01-21T21:41:38.479-0600][19.551s] GC(2) Humongous regions: 4->4
[2021-01-21T21:41:38.479-0600][19.551s] GC(2) Metaspace: 20689K(21248K)->20689K(21248K) NonClass: 18316K(18688K)->18316K(18688K) Class: 2372K(2560K)->2372K(2560K)
[2021-01-21T21:41:38.479-0600][19.551s] GC(2) Pause Young (Concurrent Start) (Metadata GC Threshold) 83M->23M(512M) 31.543ms
[2021-01-21T21:41:38.479-0600][19.551s] GC(2) User=0.17s Sys=0.00s Real=0.03s
[2021-01-21T21:41:38.480-0600][19.552s] GC(3) Concurrent Cycle
[2021-01-21T21:41:38.480-0600][19.552s] GC(3) Concurrent Clear Claimed Marks
[2021-01-21T21:41:38.480-0600][19.552s] GC(3) Concurrent Clear Claimed Marks 0.121ms
[2021-01-21T21:41:38.480-0600][19.552s] GC(3) Concurrent Scan Root Regions
[2021-01-21T21:41:38.500-0600][19.572s] GC(3) Concurrent Scan Root Regions 20.103ms
[2021-01-21T21:41:38.500-0600][19.572s] GC(3) Concurrent Mark (19.572s)
[2021-01-21T21:41:38.501-0600][19.572s] GC(3) Concurrent Mark From Roots
[2021-01-21T21:41:38.501-0600][19.572s] GC(3) Using 2 workers of 2 for marking
[2021-01-21T21:41:38.541-0600][19.613s] GC(3) Concurrent Mark From Roots 40.683ms
[2021-01-21T21:41:38.541-0600][19.613s] GC(3) Concurrent Preclean
[2021-01-21T21:41:38.542-0600][19.614s] GC(3) Concurrent Preclean 0.586ms
[2021-01-21T21:41:38.542-0600][19.614s] GC(3) Concurrent Mark (19.572s, 19.614s) 41.641ms
[2021-01-21T21:41:38.542-0600][19.614s] GC(3) Pause Remark
[2021-01-21T21:41:38.548-0600][19.620s] GC(3) Pause Remark 24M->24M(512M) 6.040ms
[2021-01-21T21:41:38.548-0600][19.620s] GC(3) User=0.08s Sys=0.00s Real=0.01s
[2021-01-21T21:41:38.557-0600][19.629s] GC(3) Concurrent Rebuild Remembered Sets
[2021-01-21T21:41:38.578-0600][19.650s] GC(3) Concurrent Rebuild Remembered Sets 21.442ms
[2021-01-21T21:41:38.761-0600][19.833s] GC(3) Pause Cleanup
[2021-01-21T21:41:38.761-0600][19.834s] GC(3) Pause Cleanup 25M->25M(512M) 0.300ms
[2021-01-21T21:41:38.761-0600][19.834s] GC(3) User=0.00s Sys=0.00s Real=0.00s
[2021-01-21T21:41:38.762-0600][19.834s] GC(3) Concurrent Cleanup for Next Mark
[2021-01-21T21:41:38.763-0600][19.835s] GC(3) Concurrent Cleanup for Next Mark 1.137ms
[2021-01-21T21:41:38.763-0600][19.835s] GC(3) Concurrent Cycle 283.539ms
[2021-01-21T21:41:52.468-0600][33.540s] GC(4) Pause Young (Concurrent Start) (Metadata GC Threshold)
[2021-01-21T21:41:52.468-0600][33.540s] GC(4) Using 8 workers of 8 for evacuation
[2021-01-21T21:41:52.503-0600][33.575s] GC(4)   Pre Evacuate Collection Set: 0.2ms
[2021-01-21T21:41:52.503-0600][33.576s] GC(4)   Merge Heap Roots: 0.2ms
[2021-01-21T21:41:52.504-0600][33.576s] GC(4)   Evacuate Collection Set: 32.4ms
[2021-01-21T21:41:52.504-0600][33.576s] GC(4)   Post Evacuate Collection Set: 2.0ms
[2021-01-21T21:41:52.504-0600][33.576s] GC(4)   Other: 0.7ms
[2021-01-21T21:41:52.504-0600][33.576s] GC(4) Eden regions: 161->0(284)
[2021-01-21T21:41:52.504-0600][33.576s] GC(4) Survivor regions: 14->23(39)
[2021-01-21T21:41:52.504-0600][33.576s] GC(4) Old regions: 6->6
[2021-01-21T21:41:52.504-0600][33.576s] GC(4) Archive regions: 0->0
[2021-01-21T21:41:52.504-0600][33.576s] GC(4) Humongous regions: 6->5
[2021-01-21T21:41:52.504-0600][33.576s] GC(4) Metaspace: 34796K(35584K)->34796K(35584K) NonClass: 30790K(31232K)->30790K(31232K) Class: 4005K(4352K)->4005K(4352K)
[2021-01-21T21:41:52.504-0600][33.576s] GC(4) Pause Young (Concurrent Start) (Metadata GC Threshold) 186M->33M(512M) 36.685ms
[2021-01-21T21:41:52.504-0600][33.576s] GC(4) User=0.16s Sys=0.02s Real=0.04s
[2021-01-21T21:41:52.504-0600][33.577s] GC(5) Concurrent Cycle
[2021-01-21T21:41:52.505-0600][33.577s] GC(5) Concurrent Clear Claimed Marks
[2021-01-21T21:41:52.505-0600][33.577s] GC(5) Concurrent Clear Claimed Marks 0.103ms
[2021-01-21T21:41:52.505-0600][33.577s] GC(5) Concurrent Scan Root Regions
[2021-01-21T21:41:52.520-0600][33.592s] GC(5) Concurrent Scan Root Regions 15.101ms
[2021-01-21T21:41:52.520-0600][33.592s] GC(5) Concurrent Mark (33.592s)
[2021-01-21T21:41:52.520-0600][33.592s] GC(5) Concurrent Mark From Roots
[2021-01-21T21:41:52.520-0600][33.592s] GC(5) Using 2 workers of 2 for marking
[2021-01-21T21:41:52.552-0600][33.624s] GC(5) Concurrent Mark From Roots 31.935ms
[2021-01-21T21:41:52.552-0600][33.624s] GC(5) Concurrent Preclean
[2021-01-21T21:41:52.553-0600][33.625s] GC(5) Concurrent Preclean 0.464ms
[2021-01-21T21:41:52.553-0600][33.625s] GC(5) Concurrent Mark (33.592s, 33.625s) 32.777ms
[2021-01-21T21:41:52.558-0600][33.630s] GC(5) Pause Remark
[2021-01-21T21:41:52.564-0600][33.636s] GC(5) Pause Remark 36M->36M(512M) 5.403ms
[2021-01-21T21:41:52.564-0600][33.636s] GC(5) User=0.08s Sys=0.00s Real=0.01s
[2021-01-21T21:41:52.571-0600][33.643s] GC(5) Concurrent Rebuild Remembered Sets
[2021-01-21T21:41:52.587-0600][33.659s] GC(5) Concurrent Rebuild Remembered Sets 15.600ms
[2021-01-21T21:41:52.592-0600][33.664s] GC(5) Pause Cleanup
[2021-01-21T21:41:52.592-0600][33.664s] GC(5) Pause Cleanup 36M->36M(512M) 0.328ms
[2021-01-21T21:41:52.593-0600][33.664s] GC(5) User=0.00s Sys=0.00s Real=0.00s
[2021-01-21T21:41:52.600-0600][33.672s] GC(5) Concurrent Cleanup for Next Mark
[2021-01-21T21:41:52.603-0600][33.675s] GC(5) Concurrent Cleanup for Next Mark 2.674ms
[2021-01-21T21:41:52.603-0600][33.675s] GC(5) Concurrent Cycle 98.222ms
[2021-01-21T21:41:54.295-0600][35.367s] GC(6) Pause Young (Normal) (G1 Evacuation Pause)
[2021-01-21T21:41:54.295-0600][35.367s] GC(6) Using 8 workers of 8 for evacuation
[2021-01-21T21:41:54.318-0600][35.390s] GC(6)   Pre Evacuate Collection Set: 0.1ms
[2021-01-21T21:41:54.318-0600][35.390s] GC(6)   Merge Heap Roots: 0.2ms
[2021-01-21T21:41:54.318-0600][35.390s] GC(6)   Evacuate Collection Set: 20.4ms
[2021-01-21T21:41:54.319-0600][35.390s] GC(6)   Post Evacuate Collection Set: 1.7ms
[2021-01-21T21:41:54.319-0600][35.391s] GC(6)   Other: 0.5ms
[2021-01-21T21:41:54.319-0600][35.391s] GC(6) Eden regions: 284->0(288)
[2021-01-21T21:41:54.319-0600][35.391s] GC(6) Survivor regions: 23->19(39)
[2021-01-21T21:41:54.319-0600][35.391s] GC(6) Old regions: 6->12
[2021-01-21T21:41:54.319-0600][35.391s] GC(6) Archive regions: 0->0
[2021-01-21T21:41:54.319-0600][35.391s] GC(6) Humongous regions: 5->5
[2021-01-21T21:41:54.319-0600][35.391s] GC(6) Metaspace: 37659K(38784K)->37659K(38784K) NonClass: 33271K(34048K)->33271K(34048K) Class: 4388K(4736K)->4388K(4736K)
[2021-01-21T21:41:54.319-0600][35.391s] GC(6) Pause Young (Normal) (G1 Evacuation Pause) 317M->35M(512M) 23.585ms
[2021-01-21T21:41:54.319-0600][35.391s] GC(6) User=0.20s Sys=0.00s Real=0.02s
[2021-01-21T21:42:05.278-0600][46.350s] GC(7) Pause Young (Normal) (G1 Evacuation Pause)
[2021-01-21T21:42:05.279-0600][46.350s] GC(7) Using 8 workers of 8 for evacuation
[2021-01-21T21:42:05.316-0600][46.388s] GC(7)   Pre Evacuate Collection Set: 0.1ms
[2021-01-21T21:42:05.316-0600][46.388s] GC(7)   Merge Heap Roots: 0.1ms
[2021-01-21T21:42:05.316-0600][46.388s] GC(7)   Evacuate Collection Set: 35.1ms
[2021-01-21T21:42:05.316-0600][46.388s] GC(7)   Post Evacuate Collection Set: 2.0ms
[2021-01-21T21:42:05.316-0600][46.389s] GC(7)   Other: 0.5ms
[2021-01-21T21:42:05.317-0600][46.389s] GC(7) Eden regions: 288->0(275)
[2021-01-21T21:42:05.317-0600][46.389s] GC(7) Survivor regions: 19->32(39)
[2021-01-21T21:42:05.317-0600][46.389s] GC(7) Old regions: 12->12
[2021-01-21T21:42:05.317-0600][46.389s] GC(7) Archive regions: 0->0
[2021-01-21T21:42:05.317-0600][46.389s] GC(7) Humongous regions: 5->5
[2021-01-21T21:42:05.317-0600][46.389s] GC(7) Metaspace: 48177K(49408K)->48177K(49408K) NonClass: 42503K(43264K)->42503K(43264K) Class: 5673K(6144K)->5673K(6144K)
[2021-01-21T21:42:05.318-0600][46.390s] GC(7) Pause Young (Normal) (G1 Evacuation Pause) 323M->48M(512M) 39.404ms
[2021-01-21T21:42:05.318-0600][46.390s] GC(7) User=0.30s Sys=0.00s Real=0.04s
[2021-01-21T21:52:22.909-0600][663.981s] GC(8) Pause Young (Normal) (G1 Evacuation Pause)
[2021-01-21T21:52:22.909-0600][663.981s] GC(8) Using 8 workers of 8 for evacuation
[2021-01-21T21:52:22.965-0600][664.037s] GC(8)   Pre Evacuate Collection Set: 0.2ms
[2021-01-21T21:52:22.965-0600][664.037s] GC(8)   Merge Heap Roots: 0.2ms
[2021-01-21T21:52:22.965-0600][664.037s] GC(8)   Evacuate Collection Set: 52.1ms
[2021-01-21T21:52:22.965-0600][664.037s] GC(8)   Post Evacuate Collection Set: 3.0ms
[2021-01-21T21:52:22.965-0600][664.037s] GC(8)   Other: 0.5ms
[2021-01-21T21:52:22.966-0600][664.037s] GC(8) Eden regions: 275->0(286)
[2021-01-21T21:52:22.966-0600][664.038s] GC(8) Survivor regions: 32->21(39)
[2021-01-21T21:52:22.966-0600][664.038s] GC(8) Old regions: 12->28
[2021-01-21T21:52:22.966-0600][664.038s] GC(8) Archive regions: 0->0
[2021-01-21T21:52:22.966-0600][664.038s] GC(8) Humongous regions: 16->16
[2021-01-21T21:52:22.966-0600][664.038s] GC(8) Metaspace: 57302K(58624K)->57302K(58624K) NonClass: 50666K(51456K)->50666K(51456K) Class: 6635K(7168K)->6635K(7168K)
[2021-01-21T21:52:22.966-0600][664.038s] GC(8) Pause Young (Normal) (G1 Evacuation Pause) 334M->64M(512M) 57.040ms
[2021-01-21T21:52:22.966-0600][664.038s] GC(8) User=0.27s Sys=0.00s Real=0.06s
